/******/ (() => { // webpackBootstrap
/******/ 	"use strict";
/******/ 	var __webpack_modules__ = ({

/***/ "./dist/mocks/empty-style.js":
/*!***********************************!*\
  !*** ./dist/mocks/empty-style.js ***!
  \***********************************/
/***/ ((__unused_webpack_module, exports) => {


Object.defineProperty(exports, "__esModule", ({ value: true }));
/*
 * Copyright (c) 2022, salesforce.com, inc.
 * All rights reserved.
 * SPDX-License-Identifier: MIT
 * For full license text, see the LICENSE file in the repo root or https://opensource.org/licenses/MIT
 */
exports["default"] = undefined;


/***/ }),

/***/ "lwc":
/*!**********************!*\
  !*** external "lwc" ***!
  \**********************/
/***/ ((module) => {

module.exports = lwc;

/***/ })

/******/ 	});
/************************************************************************/
/******/ 	// The module cache
/******/ 	var __webpack_module_cache__ = {};
/******/ 	
/******/ 	// The require function
/******/ 	function __webpack_require__(moduleId) {
/******/ 		// Check if module is in cache
/******/ 		var cachedModule = __webpack_module_cache__[moduleId];
/******/ 		if (cachedModule !== undefined) {
/******/ 			return cachedModule.exports;
/******/ 		}
/******/ 		// Create a new module (and put it into the cache)
/******/ 		var module = __webpack_module_cache__[moduleId] = {
/******/ 			// no module.id needed
/******/ 			// no module.loaded needed
/******/ 			exports: {}
/******/ 		};
/******/ 	
/******/ 		// Execute the module function
/******/ 		__webpack_modules__[moduleId](module, module.exports, __webpack_require__);
/******/ 	
/******/ 		// Return the exports of the module
/******/ 		return module.exports;
/******/ 	}
/******/ 	
/************************************************************************/
/******/ 	/* webpack/runtime/compat get default export */
/******/ 	(() => {
/******/ 		// getDefaultExport function for compatibility with non-harmony modules
/******/ 		__webpack_require__.n = (module) => {
/******/ 			var getter = module && module.__esModule ?
/******/ 				() => (module['default']) :
/******/ 				() => (module);
/******/ 			__webpack_require__.d(getter, { a: getter });
/******/ 			return getter;
/******/ 		};
/******/ 	})();
/******/ 	
/******/ 	/* webpack/runtime/define property getters */
/******/ 	(() => {
/******/ 		// define getter functions for harmony exports
/******/ 		__webpack_require__.d = (exports, definition) => {
/******/ 			for(var key in definition) {
/******/ 				if(__webpack_require__.o(definition, key) && !__webpack_require__.o(exports, key)) {
/******/ 					Object.defineProperty(exports, key, { enumerable: true, get: definition[key] });
/******/ 				}
/******/ 			}
/******/ 		};
/******/ 	})();
/******/ 	
/******/ 	/* webpack/runtime/hasOwnProperty shorthand */
/******/ 	(() => {
/******/ 		__webpack_require__.o = (obj, prop) => (Object.prototype.hasOwnProperty.call(obj, prop))
/******/ 	})();
/******/ 	
/******/ 	/* webpack/runtime/make namespace object */
/******/ 	(() => {
/******/ 		// define __esModule on exports
/******/ 		__webpack_require__.r = (exports) => {
/******/ 			if(typeof Symbol !== 'undefined' && Symbol.toStringTag) {
/******/ 				Object.defineProperty(exports, Symbol.toStringTag, { value: 'Module' });
/******/ 			}
/******/ 			Object.defineProperty(exports, '__esModule', { value: true });
/******/ 		};
/******/ 	})();
/******/ 	
/************************************************************************/
var __webpack_exports__ = {};
// This entry need to be wrapped in an IIFE because it need to be isolated against other modules in the chunk.
(() => {
/*!**************************************************************!*\
  !*** ./test/fixtures/implicit-html/x/component/component.js ***!
  \**************************************************************/
__webpack_require__.r(__webpack_exports__);
/* harmony export */ __webpack_require__.d(__webpack_exports__, {
/* harmony export */   "default": () => (__WEBPACK_DEFAULT_EXPORT__)
/* harmony export */ });
/* harmony import */ var _component_html__WEBPACK_IMPORTED_MODULE_0__ = __webpack_require__(/*! ./component.html */ "./dist/mocks/empty-style.js");
/* harmony import */ var lwc__WEBPACK_IMPORTED_MODULE_1__ = __webpack_require__(/*! lwc */ "lwc");
/* harmony import */ var lwc__WEBPACK_IMPORTED_MODULE_1___default = /*#__PURE__*/__webpack_require__.n(lwc__WEBPACK_IMPORTED_MODULE_1__);


/* harmony default export */ const __WEBPACK_DEFAULT_EXPORT__ = ((0,lwc__WEBPACK_IMPORTED_MODULE_1__.registerComponent)(class extends lwc__WEBPACK_IMPORTED_MODULE_1__.LightningElement {
  renderedCallback() {
    console.log('yolo');
  }
  /*LWC compiler vX.X.X*/
}, {
  tmpl: _component_html__WEBPACK_IMPORTED_MODULE_0__["default"],
  sel: "x-component",
  apiVersion: 61
}));
})();

/******/ })()
;