/******/ (() => { // webpackBootstrap
/******/ 	"use strict";
/******/ 	var __webpack_modules__ = ({

/***/ "./test/fixtures/multi-template/x/component/a.css":
/*!********************************************************!*\
  !*** ./test/fixtures/multi-template/x/component/a.css ***!
  \********************************************************/
/***/ ((__unused_webpack_module, __webpack_exports__, __webpack_require__) => {

__webpack_require__.r(__webpack_exports__);
/* harmony export */ __webpack_require__.d(__webpack_exports__, {
/* harmony export */   "default": () => (__WEBPACK_DEFAULT_EXPORT__)
/* harmony export */ });
function stylesheet(token, useActualHostSelector, useNativeDirPseudoclass) {
  var shadowSelector = token ? ("[" + token + "]") : "";
  var hostSelector = token ? ("[" + token + "-host]") : "";
  var suffixToken = token ? ("-" + token) : "";
  return "h1" + shadowSelector + " {color: chocolate;}";
  /*LWC compiler vX.X.X*/
}
/* harmony default export */ const __WEBPACK_DEFAULT_EXPORT__ = ([stylesheet]);

/***/ }),

/***/ "./test/fixtures/multi-template/x/component/a.html":
/*!*********************************************************!*\
  !*** ./test/fixtures/multi-template/x/component/a.html ***!
  \*********************************************************/
/***/ ((__unused_webpack_module, __webpack_exports__, __webpack_require__) => {

__webpack_require__.r(__webpack_exports__);
/* harmony export */ __webpack_require__.d(__webpack_exports__, {
/* harmony export */   "default": () => (__WEBPACK_DEFAULT_EXPORT__)
/* harmony export */ });
/* harmony import */ var lwc__WEBPACK_IMPORTED_MODULE_0__ = __webpack_require__(/*! lwc */ "lwc");
/* harmony import */ var lwc__WEBPACK_IMPORTED_MODULE_0___default = /*#__PURE__*/__webpack_require__.n(lwc__WEBPACK_IMPORTED_MODULE_0__);
/* harmony import */ var _a_css__WEBPACK_IMPORTED_MODULE_1__ = __webpack_require__(/*! ./a.css */ "./test/fixtures/multi-template/x/component/a.css");
/* harmony import */ var _a_scoped_css_scoped_true__WEBPACK_IMPORTED_MODULE_2__ = __webpack_require__(/*! ./a.scoped.css?scoped=true */ "./dist/mocks/empty-style.js?scoped=true");







const $fragment1 = (0,lwc__WEBPACK_IMPORTED_MODULE_0__.parseFragment)`<h1${3}>a</h1>`;
function tmpl($api, $cmp, $slotset, $ctx) {
  const {st: api_static_fragment} = $api;
  return [api_static_fragment($fragment1, 1)];
  /*LWC compiler vX.X.X*/
}
/* harmony default export */ const __WEBPACK_DEFAULT_EXPORT__ = ((0,lwc__WEBPACK_IMPORTED_MODULE_0__.registerTemplate)(tmpl));
tmpl.stylesheets = [];


if (_a_css__WEBPACK_IMPORTED_MODULE_1__["default"]) {
  tmpl.stylesheets.push.apply(tmpl.stylesheets, _a_css__WEBPACK_IMPORTED_MODULE_1__["default"]);
}
if (_a_scoped_css_scoped_true__WEBPACK_IMPORTED_MODULE_2__["default"]) {
  tmpl.stylesheets.push.apply(tmpl.stylesheets, _a_scoped_css_scoped_true__WEBPACK_IMPORTED_MODULE_2__["default"]);
}
tmpl.stylesheetToken = "lwc-1m8j35b2s71";
tmpl.legacyStylesheetToken = "x-component_a";
(0,lwc__WEBPACK_IMPORTED_MODULE_0__.freezeTemplate)(tmpl);


/***/ }),

/***/ "./test/fixtures/multi-template/x/component/b.html":
/*!*********************************************************!*\
  !*** ./test/fixtures/multi-template/x/component/b.html ***!
  \*********************************************************/
/***/ ((__unused_webpack_module, __webpack_exports__, __webpack_require__) => {

__webpack_require__.r(__webpack_exports__);
/* harmony export */ __webpack_require__.d(__webpack_exports__, {
/* harmony export */   "default": () => (__WEBPACK_DEFAULT_EXPORT__)
/* harmony export */ });
/* harmony import */ var lwc__WEBPACK_IMPORTED_MODULE_0__ = __webpack_require__(/*! lwc */ "lwc");
/* harmony import */ var lwc__WEBPACK_IMPORTED_MODULE_0___default = /*#__PURE__*/__webpack_require__.n(lwc__WEBPACK_IMPORTED_MODULE_0__);
/* harmony import */ var _b_css__WEBPACK_IMPORTED_MODULE_1__ = __webpack_require__(/*! ./b.css */ "./dist/mocks/empty-style.js");
/* harmony import */ var _b_scoped_css_scoped_true__WEBPACK_IMPORTED_MODULE_2__ = __webpack_require__(/*! ./b.scoped.css?scoped=true */ "./dist/mocks/empty-style.js?scoped=true");







const $fragment1 = (0,lwc__WEBPACK_IMPORTED_MODULE_0__.parseFragment)`<h1${3}>b</h1>`;
function tmpl($api, $cmp, $slotset, $ctx) {
  const {st: api_static_fragment} = $api;
  return [api_static_fragment($fragment1, 1)];
  /*LWC compiler vX.X.X*/
}
/* harmony default export */ const __WEBPACK_DEFAULT_EXPORT__ = ((0,lwc__WEBPACK_IMPORTED_MODULE_0__.registerTemplate)(tmpl));
tmpl.stylesheets = [];


if (_b_css__WEBPACK_IMPORTED_MODULE_1__["default"]) {
  tmpl.stylesheets.push.apply(tmpl.stylesheets, _b_css__WEBPACK_IMPORTED_MODULE_1__["default"]);
}
if (_b_scoped_css_scoped_true__WEBPACK_IMPORTED_MODULE_2__["default"]) {
  tmpl.stylesheets.push.apply(tmpl.stylesheets, _b_scoped_css_scoped_true__WEBPACK_IMPORTED_MODULE_2__["default"]);
}
tmpl.stylesheetToken = "lwc-3cniaulee24";
tmpl.legacyStylesheetToken = "x-component_b";
(0,lwc__WEBPACK_IMPORTED_MODULE_0__.freezeTemplate)(tmpl);


/***/ }),

/***/ "./dist/mocks/empty-style.js":
/*!***********************************!*\
  !*** ./dist/mocks/empty-style.js ***!
  \***********************************/
/***/ ((__unused_webpack_module, exports) => {


Object.defineProperty(exports, "__esModule", ({ value: true }));
/*
 * Copyright (c) 2022, salesforce.com, inc.
 * All rights reserved.
 * SPDX-License-Identifier: MIT
 * For full license text, see the LICENSE file in the repo root or https://opensource.org/licenses/MIT
 */
exports["default"] = undefined;


/***/ }),

/***/ "./dist/mocks/empty-style.js?scoped=true":
/*!***********************************************!*\
  !*** ./dist/mocks/empty-style.js?scoped=true ***!
  \***********************************************/
/***/ ((__unused_webpack_module, exports) => {


Object.defineProperty(exports, "__esModule", ({ value: true }));
/*
 * Copyright (c) 2022, salesforce.com, inc.
 * All rights reserved.
 * SPDX-License-Identifier: MIT
 * For full license text, see the LICENSE file in the repo root or https://opensource.org/licenses/MIT
 */
exports["default"] = undefined;


/***/ }),

/***/ "lwc":
/*!**********************!*\
  !*** external "lwc" ***!
  \**********************/
/***/ ((module) => {

module.exports = lwc;

/***/ })

/******/ 	});
/************************************************************************/
/******/ 	// The module cache
/******/ 	var __webpack_module_cache__ = {};
/******/ 	
/******/ 	// The require function
/******/ 	function __webpack_require__(moduleId) {
/******/ 		// Check if module is in cache
/******/ 		var cachedModule = __webpack_module_cache__[moduleId];
/******/ 		if (cachedModule !== undefined) {
/******/ 			return cachedModule.exports;
/******/ 		}
/******/ 		// Create a new module (and put it into the cache)
/******/ 		var module = __webpack_module_cache__[moduleId] = {
/******/ 			// no module.id needed
/******/ 			// no module.loaded needed
/******/ 			exports: {}
/******/ 		};
/******/ 	
/******/ 		// Execute the module function
/******/ 		__webpack_modules__[moduleId](module, module.exports, __webpack_require__);
/******/ 	
/******/ 		// Return the exports of the module
/******/ 		return module.exports;
/******/ 	}
/******/ 	
/************************************************************************/
/******/ 	/* webpack/runtime/compat get default export */
/******/ 	(() => {
/******/ 		// getDefaultExport function for compatibility with non-harmony modules
/******/ 		__webpack_require__.n = (module) => {
/******/ 			var getter = module && module.__esModule ?
/******/ 				() => (module['default']) :
/******/ 				() => (module);
/******/ 			__webpack_require__.d(getter, { a: getter });
/******/ 			return getter;
/******/ 		};
/******/ 	})();
/******/ 	
/******/ 	/* webpack/runtime/define property getters */
/******/ 	(() => {
/******/ 		// define getter functions for harmony exports
/******/ 		__webpack_require__.d = (exports, definition) => {
/******/ 			for(var key in definition) {
/******/ 				if(__webpack_require__.o(definition, key) && !__webpack_require__.o(exports, key)) {
/******/ 					Object.defineProperty(exports, key, { enumerable: true, get: definition[key] });
/******/ 				}
/******/ 			}
/******/ 		};
/******/ 	})();
/******/ 	
/******/ 	/* webpack/runtime/hasOwnProperty shorthand */
/******/ 	(() => {
/******/ 		__webpack_require__.o = (obj, prop) => (Object.prototype.hasOwnProperty.call(obj, prop))
/******/ 	})();
/******/ 	
/******/ 	/* webpack/runtime/make namespace object */
/******/ 	(() => {
/******/ 		// define __esModule on exports
/******/ 		__webpack_require__.r = (exports) => {
/******/ 			if(typeof Symbol !== 'undefined' && Symbol.toStringTag) {
/******/ 				Object.defineProperty(exports, Symbol.toStringTag, { value: 'Module' });
/******/ 			}
/******/ 			Object.defineProperty(exports, '__esModule', { value: true });
/******/ 		};
/******/ 	})();
/******/ 	
/************************************************************************/
var __webpack_exports__ = {};
// This entry need to be wrapped in an IIFE because it need to be isolated against other modules in the chunk.
(() => {
/*!***************************************************************!*\
  !*** ./test/fixtures/multi-template/x/component/component.js ***!
  \***************************************************************/
__webpack_require__.r(__webpack_exports__);
/* harmony export */ __webpack_require__.d(__webpack_exports__, {
/* harmony export */   "default": () => (__WEBPACK_DEFAULT_EXPORT__)
/* harmony export */ });
/* harmony import */ var lwc__WEBPACK_IMPORTED_MODULE_0__ = __webpack_require__(/*! lwc */ "lwc");
/* harmony import */ var lwc__WEBPACK_IMPORTED_MODULE_0___default = /*#__PURE__*/__webpack_require__.n(lwc__WEBPACK_IMPORTED_MODULE_0__);
/* harmony import */ var _component_html__WEBPACK_IMPORTED_MODULE_1__ = __webpack_require__(/*! ./component.html */ "./dist/mocks/empty-style.js");
/* harmony import */ var _a_html__WEBPACK_IMPORTED_MODULE_2__ = __webpack_require__(/*! ./a.html */ "./test/fixtures/multi-template/x/component/a.html");
/* harmony import */ var _b_html__WEBPACK_IMPORTED_MODULE_3__ = __webpack_require__(/*! ./b.html */ "./test/fixtures/multi-template/x/component/b.html");




/* harmony default export */ const __WEBPACK_DEFAULT_EXPORT__ = ((0,lwc__WEBPACK_IMPORTED_MODULE_0__.registerComponent)((0,lwc__WEBPACK_IMPORTED_MODULE_0__.registerDecorators)(class extends lwc__WEBPACK_IMPORTED_MODULE_0__.LightningElement {
  constructor(...args) {
    super(...args);
    this.renderB = false;
  }
  renderedCallback() {
    const template = this.renderB ? _b_html__WEBPACK_IMPORTED_MODULE_3__["default"] : _a_html__WEBPACK_IMPORTED_MODULE_2__["default"];
    this.renderB = !this.renderB;
    return template;
  }
  /*LWC compiler vX.X.X*/
}, {
  publicProps: {
    renderB: {
      config: 0
    }
  }
}), {
  tmpl: _component_html__WEBPACK_IMPORTED_MODULE_1__["default"],
  sel: "x-component",
  apiVersion: 61
}));
})();

/******/ })()
;